# sat-reader-bot run log (appended each run; also serves as keepalive)
2026-05-22T08:07:51Z slot=university_science_a source=quanta_physics degraded=False posted=True url=https://www.quantamagazine.org/rubin-tracks-skyscraper-size-asteroids-failed-supernovas-and-interstellar-visitors-20260515/
2026-05-22T09:34:33Z slot=university_science_b source=ieee_robotics degraded=False posted=True url=https://spectrum.ieee.org/open-source-robot-ai-platforms
2026-05-22T11:44:54Z slot=university_science_a source=quanta_cs degraded=False posted=True url=https://www.quantamagazine.org/how-unknowable-math-can-help-hide-secrets-20260511/
2026-05-22T15:24:21Z slot=sat_science source=physorg degraded=False posted=True url=https://phys.org/news/2026-05-rice-billions-people-role-fueling.html
2026-05-22T15:47:26Z slot=sat_science source=nasa_news degraded=False posted=True url=https://www.nasa.gov/news-release/nasa-to-compete-contract-for-jet-propulsion-laboratory-management/
2026-05-22T17:25:35Z slot=history_other source=the_conversation degraded=False posted=True url=https://theconversation.com/todays-bans-on-diy-repairs-of-everything-from-cell-phones-to-tractors-grew-out-of-hollywoods-fear-of-videotaping-280990
2026-05-22T17:50:05Z slot=history_other source=smithsonian_history degraded=False posted=True url=https://www.smithsonianmag.com/history/this-jewish-community-in-the-caribbean-smuggled-gunpowder-to-the-patriots-during-the-revolution-a-british-admiral-condemned-the-island-as-a-nest-of-vipers-180988740/
2026-05-22T18:40:20Z slot=history_other source=the_conversation degraded=False posted=True url=https://theconversation.com/why-corpus-christi-faces-a-looming-water-shortage-and-what-might-help-283244
2026-05-22T19:01:01Z slot=bonus source=quanta_qm degraded=False posted=True url=https://www.quantamagazine.org/rubin-tracks-skyscraper-size-asteroids-failed-supernovas-and-interstellar-visitors-20260515/
2026-05-22T19:01:12Z slot=bonus source=quanta_qm degraded=False posted=True url=https://www.quantamagazine.org/will-we-ever-be-able-to-forecast-volcanic-eruptions-like-weather-20260508/
2026-05-22T20:44:08Z slot=bonus source=quanta_qm degraded=False posted=True url=https://www.quantamagazine.org/what-causes-lightning-the-answer-keeps-getting-more-interesting-20260506/
2026-05-22T20:44:34Z slot=bonus source=quanta_qm degraded=False posted=True url=https://www.quantamagazine.org/physicists-discover-the-most-complex-forms-of-ice-yet-20260427/
2026-05-23T05:00:51Z slot=university_science_a source=quanta_physics degraded=False posted=True url=https://www.quantamagazine.org/will-we-ever-be-able-to-forecast-volcanic-eruptions-like-weather-20260508/
2026-05-23T09:00:54Z slot=university_science_b source=ieee_aerospace degraded=False posted=True url=https://spectrum.ieee.org/taiwan-drone-supply-chain
2026-05-23T10:25:31Z slot=university_science_b source=ieee_robotics degraded=False posted=True url=https://spectrum.ieee.org/video-friday-humanoid-robot-learning
2026-05-23T13:01:10Z slot=sat_science source=physorg degraded=False posted=True url=https://phys.org/news/2026-05-saturday-citations-rexes-guidance-scientists.html
2026-05-23T14:29:15Z slot=sat_science source=nasa_news degraded=False posted=True url=https://www.nasa.gov/centers-and-facilities/armstrong/keeping-nasa-flying-ground-crews-ensure-aircraft-readiness/
2026-05-23T17:10:51Z slot=history_other source=smithsonian_history degraded=False posted=True url=https://www.smithsonianmag.com/history/the-1963-birmingham-church-bombing-killed-four-young-black-girls-but-they-werent-the-only-victims-of-racial-violence-in-the-city-that-day-180988729/
2026-05-23T18:06:01Z slot=history_other source=the_conversation degraded=False posted=True url=https://theconversation.com/americas-nonprofit-sector-is-pushing-back-against-an-authoritarian-playbook-282836
2026-05-23T19:00:54Z slot=bonus source=quanta_qm degraded=False posted=True url=https://www.quantamagazine.org/quantum-jamming-explores-the-truly-fundamental-principles-of-nature-20260417/
2026-05-23T19:01:10Z slot=bonus source=ieee_computing degraded=False posted=True url=https://spectrum.ieee.org/bolt-graphics-zeus-gpu
2026-05-23T20:06:31Z slot=bonus source=ieee_computing degraded=False posted=True url=https://spectrum.ieee.org/wetour-robotics-physical-ai-human-interfaces
2026-05-23T20:07:05Z slot=bonus source=ieee_computing degraded=False posted=True url=https://spectrum.ieee.org/manchester-code-ieee-milestone
